Fetching models...
Found 33 models supporting generateContent. Testing...

Testing models/gemini-2.5-flash...
Γ¥î FAILED (429) -> You exceeded your current quota, please check your plan and billing details. For more information on

Testing models/gemini-2.5-pro...
Γ¥î FAILED (429) -> You exceeded your current quota, please check your plan and billing details. For more information on

Testing models/gemini-2.0-flash...
Γ¥î FAILED (429) -> You exceeded your current quota, please check your plan and billing details. For more information on

Testing models/gemini-2.0-flash-001...
Γ¥î FAILED (429) -> You exceeded your current quota, please check your plan and billing details. For more information on

Testing models/gemini-2.0-flash-lite-001...
Γ¥î FAILED (429) -> You exceeded your current quota, please check your plan and billing details. For more information on

Testing models/gemini-2.0-flash-lite...
Γ¥î FAILED (429) -> You exceeded your current quota, please check your plan and billing details. For more information on

Testing models/gemini-2.5-flash-preview-tts...
Γ¥î FAILED (429) -> You exceeded your current quota, please check your plan and billing details. For more information on

Testing models/gemini-2.5-pro-preview-tts...
Γ¥î FAILED (429) -> You exceeded your current quota, please check your plan and billing details. For more information on

Testing models/gemma-3-1b-it...
Γ£à SUCCESS (891ms) -> Hello there! How can I help you today? ≡ƒÿè

Testing models/gemma-3-4b-it...
Γ£à SUCCESS (1075ms) -> Hello there! ≡ƒÿè 

HowΓÇÖs your day going so far?

Testing models/gemma-3-12b-it...
Γ£à SUCCESS (25315ms) -> Hello! ≡ƒÿè 



How are you doing today?

Testing models/gemma-3-27b-it...
Γ£à SUCCESS (2458ms) -> Hello there! ≡ƒæï 

It's nice to meet you (or, well,

Testing models/gemma-3n-e4b-it...
Γ£à SUCCESS (1040ms) -> Hello there! ≡ƒæï How can I help you today?

Testing models/gemma-3n-e2b-it...
Γ¥î FAILED (429) -> You exceeded your current quota, please check your plan and billing details. For more information on

Testing models/gemini-flash-latest...
Γ¥î FAILED (429) -> You exceeded your current quota, please check your plan and billing details. For more information on

Testing models/gemini-flash-lite-latest...
Γ¥î FAILED (429) -> You exceeded your current quota, please check your plan and billing details. For more information on

Testing models/gemini-pro-latest...
Γ¥î FAILED (429) -> You exceeded your current quota, please check your plan and billing details. For more information on

Testing models/gemini-2.5-flash-lite...
Γ¥î FAILED (429) -> You exceeded your current quota, please check your plan and billing details. For more information on

Testing models/gemini-2.5-flash-image...
Γ¥î FAILED (429) -> You exceeded your current quota, please check your plan and billing details. For more information on

Testing models/gemini-2.5-flash-lite-preview-09-2025...
Γ¥î FAILED (429) -> You exceeded your current quota, please check your plan and billing details. For more information on

Testing models/gemini-3-pro-preview...
Γ¥î FAILED (429) -> You exceeded your current quota, please check your plan and billing details. For more information on

Testing models/gemini-3-flash-preview...
Γ¥î FAILED (429) -> You exceeded your current quota, please check your plan and billing details. For more information on

Testing models/gemini-3.1-pro-preview...
Γ¥î FAILED (429) -> You exceeded your current quota, please check your plan and billing details. For more information on

Testing models/gemini-3.1-pro-preview-customtools...
Γ¥î FAILED (429) -> You exceeded your current quota, please check your plan and billing details. For more information on

Testing models/gemini-3.1-flash-lite-preview...
Γ¥î FAILED (429) -> You exceeded your current quota, please check your plan and billing details. For more information on

Testing models/gemini-3-pro-image-preview...
Γ¥î FAILED (429) -> You exceeded your current quota, please check your plan and billing details. For more information on

Testing models/nano-banana-pro-preview...
Γ¥î FAILED (429) -> You exceeded your current quota, please check your plan and billing details. For more information on

Testing models/gemini-3.1-flash-image-preview...
Γ¥î FAILED (429) -> You exceeded your current quota, please check your plan and billing details. For more information on

Testing models/lyria-3-clip-preview...
Γ¥î FAILED (429) -> You exceeded your current quota, please check your plan and billing details. For more information on

Testing models/lyria-3-pro-preview...
Γ¥î FAILED (429) -> You exceeded your current quota, please check your plan and billing details. For more information on

Testing models/gemini-robotics-er-1.5-preview...
Γ¥î FAILED (429) -> You exceeded your current quota, please check your plan and billing details. For more information on

Testing models/gemini-2.5-computer-use-preview-10-2025...
Γ¥î FAILED (429) -> You exceeded your current quota, please check your plan and billing details. For more information on

Testing models/deep-research-pro-preview-12-2025...
Γ¥î FAILED (429) -> You exceeded your current quota, please check your plan and billing details. For more information on
